Fetching 23 files:   0%|          | 0/23 [00:00<?, ?it/s]Fetching 23 files: 100%|██████████| 23/23 [00:00<00:00, 166325.85it/s]
{
  "quality": {
    "ndcg_at_10": 0.5667671759105325,
    "mrr_at_10": 0.6286458333333333,
    "recall_at_10": 0.3751291681407602,
    "candidate_recall_at_50": 0.06336379524212227
  },
  "performance": {
    "model_load_seconds": 0.25108142697717994,
    "query_latency_median_ms": 85.70236602099612,
    "query_latency_p95_ms": 115.11849903035909,
    "cuda_event_latency_median_ms": 85.58038330078125,
    "cuda_event_latency_p95_ms": 115.00588989257812,
    "pairs_per_second": 580.07778478069,
    "rss_before_model_mib": 835.00390625,
    "rss_after_model_mib": 957.86328125,
    "rss_peak_mib": 1240.0859375,
    "cuda_peak_allocated_mib": 157.09521484375,
    "cuda_peak_reserved_mib": 296.0,
    "latency_samples": [
      {
        "query_id": "remote-viewing",
        "iteration": 0,
        "wall_ms": 72.21848890185356,
        "cuda_event_ms": 72.05935668945312
      },
      {
        "query_id": "remote-viewing",
        "iteration": 1,
        "wall_ms": 81.89504500478506,
        "cuda_event_ms": 81.79424285888672
      },
      {
        "query_id": "remote-viewing",
        "iteration": 2,
        "wall_ms": 70.19296800717711,
        "cuda_event_ms": 70.0143051147461
      },
      {
        "query_id": "luis-elizondo",
        "iteration": 0,
        "wall_ms": 67.98066501505673,
        "cuda_event_ms": 67.86914825439453
      },
      {
        "query_id": "luis-elizondo",
        "iteration": 1,
        "wall_ms": 81.33873098995537,
        "cuda_event_ms": 81.26457977294922
      },
      {
        "query_id": "luis-elizondo",
        "iteration": 2,
        "wall_ms": 90.50665702670813,
        "cuda_event_ms": 90.3531494140625
      },
      {
        "query_id": "jacques-vallee",
        "iteration": 0,
        "wall_ms": 86.76436706446111,
        "cuda_event_ms": 86.57459259033203
      },
      {
        "query_id": "jacques-vallee",
        "iteration": 1,
        "wall_ms": 100.9372069966048,
        "cuda_event_ms": 100.7564468383789
      },
      {
        "query_id": "jacques-vallee",
        "iteration": 2,
        "wall_ms": 88.05763709824532,
        "cuda_event_ms": 87.90502166748047
      },
      {
        "query_id": "james-mcdonald",
        "iteration": 0,
        "wall_ms": 60.19224494230002,
        "cuda_event_ms": 60.058528900146484
      },
      {
        "query_id": "james-mcdonald",
        "iteration": 1,
        "wall_ms": 64.73772902972996,
        "cuda_event_ms": 64.62406158447266
      },
      {
        "query_id": "james-mcdonald",
        "iteration": 2,
        "wall_ms": 68.44712106976658,
        "cuda_event_ms": 68.32784271240234
      },
      {
        "query_id": "cia",
        "iteration": 0,
        "wall_ms": 115.11849903035909,
        "cuda_event_ms": 115.00588989257812
      },
      {
        "query_id": "cia",
        "iteration": 1,
        "wall_ms": 70.2014819253236,
        "cuda_event_ms": 70.08086395263672
      },
      {
        "query_id": "cia",
        "iteration": 2,
        "wall_ms": 92.62731100898236,
        "cuda_event_ms": 92.51360321044922
      },
      {
        "query_id": "us-congress",
        "iteration": 0,
        "wall_ms": 82.23378390539438,
        "cuda_event_ms": 82.07635498046875
      },
      {
        "query_id": "us-congress",
        "iteration": 1,
        "wall_ms": 75.22889191750437,
        "cuda_event_ms": 75.09603118896484
      },
      {
        "query_id": "us-congress",
        "iteration": 2,
        "wall_ms": 85.18146502319723,
        "cuda_event_ms": 85.06175994873047
      },
      {
        "query_id": "roswell-incident",
        "iteration": 0,
        "wall_ms": 92.42952894419432,
        "cuda_event_ms": 92.33081817626953
      },
      {
        "query_id": "roswell-incident",
        "iteration": 1,
        "wall_ms": 129.20561095234007,
        "cuda_event_ms": 129.04818725585938
      },
      {
        "query_id": "roswell-incident",
        "iteration": 2,
        "wall_ms": 102.34128893353045,
        "cuda_event_ms": 102.18457794189453
      },
      {
        "query_id": "nimitz-encounter",
        "iteration": 0,
        "wall_ms": 59.40994108095765,
        "cuda_event_ms": 59.324798583984375
      },
      {
        "query_id": "nimitz-encounter",
        "iteration": 1,
        "wall_ms": 101.39862901996821,
        "cuda_event_ms": 101.2754898071289
      },
      {
        "query_id": "nimitz-encounter",
        "iteration": 2,
        "wall_ms": 95.87472002021968,
        "cuda_event_ms": 95.7956771850586
      },
      {
        "query_id": "robert-monroe",
        "iteration": 0,
        "wall_ms": 85.17948200460523,
        "cuda_event_ms": 85.03062438964844
      },
      {
        "query_id": "robert-monroe",
        "iteration": 1,
        "wall_ms": 102.66523796599358,
        "cuda_event_ms": 102.48316955566406
      },
      {
        "query_id": "robert-monroe",
        "iteration": 2,
        "wall_ms": 87.12804305832833,
        "cuda_event_ms": 87.00540924072266
      },
      {
        "query_id": "nasa",
        "iteration": 0,
        "wall_ms": 57.544555980712175,
        "cuda_event_ms": 57.47990417480469
      },
      {
        "query_id": "nasa",
        "iteration": 1,
        "wall_ms": 55.392713053151965,
        "cuda_event_ms": 55.317535400390625
      },
      {
        "query_id": "nasa",
        "iteration": 2,
        "wall_ms": 56.15431792102754,
        "cuda_event_ms": 56.037025451660156
      },
      {
        "query_id": "aaro",
        "iteration": 0,
        "wall_ms": 93.3306310325861,
        "cuda_event_ms": 93.17814636230469
      },
      {
        "query_id": "aaro",
        "iteration": 1,
        "wall_ms": 83.7664179271087,
        "cuda_event_ms": 83.64755249023438
      },
      {
        "query_id": "aaro",
        "iteration": 2,
        "wall_ms": 110.32079393044114,
        "cuda_event_ms": 110.15328216552734
      },
      {
        "query_id": "face-on-mars",
        "iteration": 0,
        "wall_ms": 70.55606704670936,
        "cuda_event_ms": 70.40553283691406
      },
      {
        "query_id": "face-on-mars",
        "iteration": 1,
        "wall_ms": 83.53766507934779,
        "cuda_event_ms": 83.36902618408203
      },
      {
        "query_id": "face-on-mars",
        "iteration": 2,
        "wall_ms": 89.40401091240346,
        "cuda_event_ms": 89.31404876708984
      },
      {
        "query_id": "alien-abduction",
        "iteration": 0,
        "wall_ms": 100.00145307276398,
        "cuda_event_ms": 99.8667221069336
      },
      {
        "query_id": "alien-abduction",
        "iteration": 1,
        "wall_ms": 99.20971805695444,
        "cuda_event_ms": 99.06825256347656
      },
      {
        "query_id": "alien-abduction",
        "iteration": 2,
        "wall_ms": 73.90518998727202,
        "cuda_event_ms": 73.76825714111328
      },
      {
        "query_id": "non-human-intelligence",
        "iteration": 0,
        "wall_ms": 65.72557403706014,
        "cuda_event_ms": 65.56841278076172
      },
      {
        "query_id": "non-human-intelligence",
        "iteration": 1,
        "wall_ms": 106.6727580036968,
        "cuda_event_ms": 106.1480941772461
      },
      {
        "query_id": "non-human-intelligence",
        "iteration": 2,
        "wall_ms": 84.75163101684302,
        "cuda_event_ms": 84.67529296875
      },
      {
        "query_id": "aatip",
        "iteration": 0,
        "wall_ms": 111.0815639840439,
        "cuda_event_ms": 110.9420166015625
      },
      {
        "query_id": "aatip",
        "iteration": 1,
        "wall_ms": 130.1357909105718,
        "cuda_event_ms": 129.90975952148438
      },
      {
        "query_id": "aatip",
        "iteration": 2,
        "wall_ms": 107.06057900097221,
        "cuda_event_ms": 106.90678405761719
      },
      {
        "query_id": "david-grusch",
        "iteration": 0,
        "wall_ms": 74.30347800254822,
        "cuda_event_ms": 74.16400146484375
      },
      {
        "query_id": "david-grusch",
        "iteration": 1,
        "wall_ms": 86.22326701879501,
        "cuda_event_ms": 86.09900665283203
      },
      {
        "query_id": "david-grusch",
        "iteration": 2,
        "wall_ms": 88.8052120571956,
        "cuda_event_ms": 88.67830657958984
      }
    ]
  }
}
